TC3:  Evacuated VM with hw:cpu_policy=shared reschedules only on host aggregate where dedicated_resources dedicated=false
TC4:  Evacuated VM with hw:cpu_policy=dedicated reschedule only on host aggregate where dedicated_resources dedicated=true
TC5:  Migrate (live) VM with hw:cpu_policy=dedicated  (migrates only to host meeting its flavor criteria)
TC6:  Migrate (live) VM with hw:cpu_policy=shared  (migrates only to host meeting its flavor criteria)

--- Attempt to evacuate, live migrate, and cold migrate VMs, expect failure. Since host-aggregates not on both computes ---

Tue Mar 10 15:16:53 UTC 2015
[wrsroot@controller-0 ~(keystone_admin)]$ nova live-migration 3d7e1110-505e-4b16-ba07-cc4966a025c4
ERROR (BadRequest): No valid host was found. See details. (HTTP 400) (Request-ID: req-f0caa7e7-19b5-41e7-af1c-d50039976ef5)
Tue Mar 10 15:16:59 UTC 2015
[wrsroot@controller-0 ~(keystone_admin)]$ nova live-migration 7a58c532-05b6-4a6e-a515-b02356e5530f
ERROR (BadRequest): No valid host was found. See details. (HTTP 400) (Request-ID: req-1c97987f-97b1-4c28-a94c-117cfb26e300)

Tue Mar 10 15:17:39 UTC 2015
[wrsroot@controller-0 ~(keystone_admin)]$ nova migrate 3d7e1110-505e-4b16-ba07-cc4966a025c4
ERROR (BadRequest): No valid host was found. No valid host found for cold migrate (HTTP 400) (Request-ID: req-12eaa22a-f59d-4b10-9c76-cc5b6090eaf2)
Tue Mar 10 15:17:53 UTC 2015
[wrsroot@controller-0 ~(keystone_admin)]$ nova migrate 7a58c532-05b6-4a6e-a515-b02356e5530f
ERROR (BadRequest): No valid host was found. No valid host found for cold migrate (HTTP 400) (Request-ID: req-6d791d58-7d52-473c-817a-0ba5451e1fc4)

--- forced evacuate with sudo reboot on computes ---
--- rebooted compute-0 ---
Tue Mar 10 15:23:16 UTC 2015
[wrsroot@controller-0 ~(keystone_admin)]$ nova show 3d7e1110-505e-4b16-ba07-cc4966a025c4
+--------------------------------------+--------------------------------------------------------------------------------------------------------------------------------------------------------------------------------------------------------------------------------+
| Property                             | Value                                                                                                                                                                                                                          |
+--------------------------------------+--------------------------------------------------------------------------------------------------------------------------------------------------------------------------------------------------------------------------------+
| OS-DCF:diskConfig                    | MANUAL                                                                                                                                                                                                                         |
| OS-EXT-AZ:availability_zone          | nova                                                                                                                                                                                                                           |
| OS-EXT-SRV-ATTR:host                 | compute-0                                                                                                                                                                                                                      |
| OS-EXT-SRV-ATTR:hypervisor_hostname  | compute-0                                                                                                                                                                                                                      |
| OS-EXT-SRV-ATTR:instance_name        | instance-0000002b                                                                                                                                                                                                              |
| OS-EXT-STS:power_state               | 1                                                                                                                                                                                                                              |
| OS-EXT-STS:task_state                | -                                                                                                                                                                                                                              |
| OS-EXT-STS:vm_state                  | error                                                                                                                                                                                                                          |
| OS-SRV-USG:launched_at               | 2015-03-10T15:02:42.000000                                                                                                                                                                                                     |
| OS-SRV-USG:terminated_at             | -                                                                                                                                                                                                                              |
| accessIPv4                           |                                                                                                                                                                                                                                |
| accessIPv6                           |                                                                                                                                                                                                                                |
| config_drive                         |                                                                                                                                                                                                                                |
| created                              | 2015-03-10T15:02:31Z                                                                                                                                                                                                           |
| fault                                | {"message": "No valid host was found. See details.", "code": 501, "details": "''{'compute-1': u\"(AggregateInstanceExtraSpecsFilter) extra_specs 'set([u'false'])' do not match 'true'\"}", "created": "2015-03-10T15:25:28Z"} |
| flavor                               | dedicated.medium (7632b4a1-b98f-44f0-aa27-349124f3cb92)                                                                                                                                                                        |
| hostId                               | 9de7ad1632d1009fc6362bc62a7b77e9558cf097efaf5a6d2fb2ae62                                                                                                                                                                       |
| id                                   | 3d7e1110-505e-4b16-ba07-cc4966a025c4                                                                                                                                                                                           |
| image                                | Attempt to boot from volume - no image supplied                                                                                                                                                                                |
| key_name                             | -                                                                                                                                                                                                                              |
| metadata                             | {}                                                                                                                                                                                                                             |
| name                                 | dedicated                                                                                                                                                                                                                      |
| nics                                 | {"nic1": {"vif_model": "avp", "port_id": "14dbf4fc-6e9a-4106-90cf-feb13faf960c", "network": "tenant1-mgmt-net", "mtu": 1500}}                                                                                                  |
|                                      | {"nic2": {"vif_model": "avp", "port_id": "870b8101-0f38-44b6-858b-d734a3ec6657", "network": "tenant1-net0", "mtu": 1500}}                                                                                                      |
| os-extended-volumes:volumes_attached | [{"id": "d02d2556-1339-4ea2-9394-1d17066be69d"}]                                                                                                                                                                               |
| server_group                         |                                                                                                                                                                                                                                |
| status                               | ERROR                                                                                                                                                                                                                          |
| tenant1-mgmt-net network             | 192.168.109.45                                                                                                                                                                                                                 |
| tenant1-net0 network                 | 172.16.0.54                                                                                                                                                                                                                    |
| tenant_id                            | 8b727a94cb82487b890edc045ddbd845                                                                                                                                                                                               |
| topology                             | node:0,  2048MB, pgsize:2M, 1s,1c,2t, vcpus:0,1, pcpus:3,4, siblings:{0,1}                                                                                                                                                     |
| updated                              | 2015-03-10T15:25:28Z                                                                                                                                                                                                           |
| user_id                              | 5c6f05f6a58947888116660ef4bb5224                                                                                                                                                                                               |
| vcpus (min/cur/max)                  | [2, 2, 2]                                                                                                                                                                                                                      |
+--------------------------------------+--------------------------------------------------------------------------------------------------------------------------------------------------------------------------------------------------------------------------------+

--- rebooted compute-1 ---

Tue Mar 10 15:26:10 UTC 2015
[wrsroot@controller-0 ~(keystone_admin)]$ nova show 7a58c532-05b6-4a6e-a515-b02356e5530f
+--------------------------------------+--------------------------------------------------------------------------------------------------------------------------------------------------------------------------------------------------------------------------------+
| Property                             | Value                                                                                                                                                                                                                          |
+--------------------------------------+--------------------------------------------------------------------------------------------------------------------------------------------------------------------------------------------------------------------------------+
| OS-DCF:diskConfig                    | MANUAL                                                                                                                                                                                                                         |
| OS-EXT-AZ:availability_zone          | nova                                                                                                                                                                                                                           |
| OS-EXT-SRV-ATTR:host                 | compute-1                                                                                                                                                                                                                      |
| OS-EXT-SRV-ATTR:hypervisor_hostname  | compute-1                                                                                                                                                                                                                      |
| OS-EXT-SRV-ATTR:instance_name        | instance-0000002a                                                                                                                                                                                                              |
| OS-EXT-STS:power_state               | 1                                                                                                                                                                                                                              |
| OS-EXT-STS:task_state                | -                                                                                                                                                                                                                              |
| OS-EXT-STS:vm_state                  | error                                                                                                                                                                                                                          |
| OS-SRV-USG:launched_at               | 2015-03-10T15:01:10.000000                                                                                                                                                                                                     |
| OS-SRV-USG:terminated_at             | -                                                                                                                                                                                                                              |
| accessIPv4                           |                                                                                                                                                                                                                                |
| accessIPv6                           |                                                                                                                                                                                                                                |
| config_drive                         |                                                                                                                                                                                                                                |
| created                              | 2015-03-10T15:00:59Z                                                                                                                                                                                                           |
| fault                                | {"message": "No valid host was found. See details.", "code": 501, "details": "''{'compute-0': u\"(AggregateInstanceExtraSpecsFilter) extra_specs 'set([u'true'])' do not match 'false'\"}", "created": "2015-03-10T15:34:45Z"} |
| flavor                               | shared.medium (e7edf100-23f9-4302-96d6-538c80fa9baf)                                                                                                                                                                           |
| hostId                               | cc04f8c74f20386ec3e2d01ab736fe0cfc5f98804bdb765ebb49d67a                                                                                                                                                                       |
| id                                   | 7a58c532-05b6-4a6e-a515-b02356e5530f                                                                                                                                                                                           |
| image                                | Attempt to boot from volume - no image supplied                                                                                                                                                                                |
| key_name                             | -                                                                                                                                                                                                                              |
| metadata                             | {}                                                                                                                                                                                                                             |
| name                                 | shared                                                                                                                                                                                                                         |
| nics                                 | {"nic1": {"vif_model": "avp", "port_id": "59714648-0de2-494d-939e-cec0f8f7d994", "network": "tenant1-mgmt-net", "mtu": 1500}}                                                                                                  |
|                                      | {"nic2": {"vif_model": "avp", "port_id": "0c0f11e8-6b85-4dcf-9495-ec6ebc8d31d7", "network": "tenant1-net0", "mtu": 1500}}                                                                                                      |
| os-extended-volumes:volumes_attached | [{"id": "82e0b853-b9d9-44f5-85f8-1449fdaf4e28"}]                                                                                                                                                                               |
| server_group                         |                                                                                                                                                                                                                                |
| status                               | ERROR                                                                                                                                                                                                                          |
| tenant1-mgmt-net network             | 192.168.109.44                                                                                                                                                                                                                 |
| tenant1-net0 network                 | 172.16.0.53                                                                                                                                                                                                                    |
| tenant_id                            | 8b727a94cb82487b890edc045ddbd845                                                                                                                                                                                               |
| topology                             | node:0,  2048MB, pgsize:2M, vcpus:0,1                                                                                                                                                                                          |
| updated                              | 2015-03-10T15:34:45Z                                                                                                                                                                                                           |
| user_id                              | 5c6f05f6a58947888116660ef4bb5224                                                                                                                                                                                               |
| vcpus (min/cur/max)                  | [2, 2, 2]                                                                                                                                                                                                                      |
+--------------------------------------+--------------------------------------------------------------------------------------------------------------------------------------------------------------------------------------------------------------------------------+

--- Add host aggregates to both computes, expect pass ---
Tue Mar 10 15:35:08 UTC 2015
[wrsroot@controller-0 ~(keystone_admin)]$ nova aggregate-add-host dedicated_resources compute-1
Host compute-1 has been successfully added for aggregate 5 
+----+---------------------+-------------------+--------------------------+------------------+
| Id | Name                | Availability Zone | Hosts                    | Metadata         |
+----+---------------------+-------------------+--------------------------+------------------+
| 5  | dedicated_resources | -                 | 'compute-0', 'compute-1' | 'dedicated=true' |
+----+---------------------+-------------------+--------------------------+------------------+
Tue Mar 10 15:36:23 UTC 2015
[wrsroot@controller-0 ~(keystone_admin)]$ nova aggregate-add-host shared_resources compute-0
Host compute-0 has been successfully added for aggregate 6 
+----+------------------+-------------------+--------------------------+-------------------+
| Id | Name             | Availability Zone | Hosts                    | Metadata          |
+----+------------------+-------------------+--------------------------+-------------------+
| 6  | shared_resources | -                 | 'compute-1', 'compute-0' | 'dedicated=false' |
+----+------------------+-------------------+--------------------------+-------------------+

--- instances rescheduled on compute-0 ---

Tue Mar 10 15:42:43 UTC 2015
[wrsroot@controller-0 ~(keystone_admin)]$ nova show 3d7e1110-505e-4b16-ba07-cc4966a025c4
+--------------------------------------+-------------------------------------------------------------------------------------------------------------------------------+
| Property                             | Value                                                                                                                         |
+--------------------------------------+-------------------------------------------------------------------------------------------------------------------------------+
| OS-DCF:diskConfig                    | MANUAL                                                                                                                        |
| OS-EXT-AZ:availability_zone          | nova                                                                                                                          |
| OS-EXT-SRV-ATTR:host                 | compute-0                                                                                                                     |
| OS-EXT-SRV-ATTR:hypervisor_hostname  | compute-0                                                                                                                     |
| OS-EXT-SRV-ATTR:instance_name        | instance-0000002b                                                                                                             |
| OS-EXT-STS:power_state               | 1                                                                                                                             |
| OS-EXT-STS:task_state                | -                                                                                                                             |
| OS-EXT-STS:vm_state                  | active                                                                                                                        |
| OS-SRV-USG:launched_at               | 2015-03-10T15:02:42.000000                                                                                                    |
| OS-SRV-USG:terminated_at             | -                                                                                                                             |
| accessIPv4                           |                                                                                                                               |
| accessIPv6                           |                                                                                                                               |
| config_drive                         |                                                                                                                               |
| created                              | 2015-03-10T15:02:31Z                                                                                                          |
| flavor                               | dedicated.medium (7632b4a1-b98f-44f0-aa27-349124f3cb92)                                                                       |
| hostId                               | 9de7ad1632d1009fc6362bc62a7b77e9558cf097efaf5a6d2fb2ae62                                                                      |
| id                                   | 3d7e1110-505e-4b16-ba07-cc4966a025c4                                                                                          |
| image                                | Attempt to boot from volume - no image supplied                                                                               |
| key_name                             | -                                                                                                                             |
| metadata                             | {}                                                                                                                            |
| name                                 | dedicated                                                                                                                     |
| nics                                 | {"nic1": {"vif_model": "avp", "port_id": "14dbf4fc-6e9a-4106-90cf-feb13faf960c", "network": "tenant1-mgmt-net", "mtu": 1500}} |
|                                      | {"nic2": {"vif_model": "avp", "port_id": "870b8101-0f38-44b6-858b-d734a3ec6657", "network": "tenant1-net0", "mtu": 1500}}     |
| os-extended-volumes:volumes_attached | [{"id": "d02d2556-1339-4ea2-9394-1d17066be69d"}]                                                                              |
| progress                             | 0                                                                                                                             |
| server_group                         |                                                                                                                               |
| status                               | ACTIVE                                                                                                                        |
| tenant1-mgmt-net network             | 192.168.109.45                                                                                                                |
| tenant1-net0 network                 | 172.16.0.54                                                                                                                   |
| tenant_id                            | 8b727a94cb82487b890edc045ddbd845                                                                                              |
| topology                             | node:0,  2048MB, pgsize:2M, 1s,1c,2t, vcpus:0,1, pcpus:3,4, siblings:{0,1}                                                    |
| updated                              | 2015-03-10T15:37:44Z                                                                                                          |
| user_id                              | 5c6f05f6a58947888116660ef4bb5224                                                                                              |
| vcpus (min/cur/max)                  | [2, 2, 2]                                                                                                                     |
+--------------------------------------+-------------------------------------------------------------------------------------------------------------------------------+
Tue Mar 10 15:43:08 UTC 2015
[wrsroot@controller-0 ~(keystone_admin)]$ nova show 7a58c532-05b6-4a6e-a515-b02356e5530f
+--------------------------------------+-------------------------------------------------------------------------------------------------------------------------------+
| Property                             | Value                                                                                                                         |
+--------------------------------------+-------------------------------------------------------------------------------------------------------------------------------+
| OS-DCF:diskConfig                    | MANUAL                                                                                                                        |
| OS-EXT-AZ:availability_zone          | nova                                                                                                                          |
| OS-EXT-SRV-ATTR:host                 | compute-0                                                                                                                     |
| OS-EXT-SRV-ATTR:hypervisor_hostname  | compute-0                                                                                                                     |
| OS-EXT-SRV-ATTR:instance_name        | instance-0000002a                                                                                                             |
| OS-EXT-STS:power_state               | 1                                                                                                                             |
| OS-EXT-STS:task_state                | -                                                                                                                             |
| OS-EXT-STS:vm_state                  | active                                                                                                                        |
| OS-SRV-USG:launched_at               | 2015-03-10T15:37:51.000000                                                                                                    |
| OS-SRV-USG:terminated_at             | -                                                                                                                             |
| accessIPv4                           |                                                                                                                               |
| accessIPv6                           |                                                                                                                               |
| config_drive                         |                                                                                                                               |
| created                              | 2015-03-10T15:00:59Z                                                                                                          |
| flavor                               | shared.medium (e7edf100-23f9-4302-96d6-538c80fa9baf)                                                                          |
| hostId                               | 9de7ad1632d1009fc6362bc62a7b77e9558cf097efaf5a6d2fb2ae62                                                                      |
| id                                   | 7a58c532-05b6-4a6e-a515-b02356e5530f                                                                                          |
| image                                | Attempt to boot from volume - no image supplied                                                                               |
| key_name                             | -                                                                                                                             |
| metadata                             | {}                                                                                                                            |
| name                                 | shared                                                                                                                        |
| nics                                 | {"nic1": {"vif_model": "avp", "port_id": "59714648-0de2-494d-939e-cec0f8f7d994", "network": "tenant1-mgmt-net", "mtu": 1500}} |
|                                      | {"nic2": {"vif_model": "avp", "port_id": "0c0f11e8-6b85-4dcf-9495-ec6ebc8d31d7", "network": "tenant1-net0", "mtu": 1500}}     |
| os-extended-volumes:volumes_attached | [{"id": "82e0b853-b9d9-44f5-85f8-1449fdaf4e28"}]                                                                              |
| progress                             | 0                                                                                                                             |
| server_group                         |                                                                                                                               |
| status                               | ACTIVE                                                                                                                        |
| tenant1-mgmt-net network             | 192.168.109.44                                                                                                                |
| tenant1-net0 network                 | 172.16.0.53                                                                                                                   |
| tenant_id                            | 8b727a94cb82487b890edc045ddbd845                                                                                              |
| topology                             | node:0,  2048MB, pgsize:2M, vcpus:0,1                                                                                         |
| updated                              | 2015-03-10T15:37:51Z                                                                                                          |
| user_id                              | 5c6f05f6a58947888116660ef4bb5224                                                                                              |
| vcpus (min/cur/max)                  | [2, 2, 2]                                                                                                                     |
+--------------------------------------+-------------------------------------------------------------------------------------------------------------------------------+

--- forced evacuate with sudo reboot on computes ---
--- rebooted compute-0 ---
--- instances successfully evacuated to compute-1 ---
Tue Mar 10 15:43:13 UTC 2015
[wrsroot@controller-0 ~(keystone_admin)]$ nova show 3d7e1110-505e-4b16-ba07-cc4966a025c4
+--------------------------------------+-------------------------------------------------------------------------------------------------------------------------------+
| Property                             | Value                                                                                                                         |
+--------------------------------------+-------------------------------------------------------------------------------------------------------------------------------+
| OS-DCF:diskConfig                    | MANUAL                                                                                                                        |
| OS-EXT-AZ:availability_zone          | nova                                                                                                                          |
| OS-EXT-SRV-ATTR:host                 | compute-1                                                                                                                     |
| OS-EXT-SRV-ATTR:hypervisor_hostname  | compute-1                                                                                                                     |
| OS-EXT-SRV-ATTR:instance_name        | instance-0000002b                                                                                                             |
| OS-EXT-STS:power_state               | 1                                                                                                                             |
| OS-EXT-STS:task_state                | -                                                                                                                             |
| OS-EXT-STS:vm_state                  | active                                                                                                                        |
| OS-SRV-USG:launched_at               | 2015-03-10T15:45:22.000000                                                                                                    |
| OS-SRV-USG:terminated_at             | -                                                                                                                             |
| accessIPv4                           |                                                                                                                               |
| accessIPv6                           |                                                                                                                               |
| config_drive                         |                                                                                                                               |
| created                              | 2015-03-10T15:02:31Z                                                                                                          |
| flavor                               | dedicated.medium (7632b4a1-b98f-44f0-aa27-349124f3cb92)                                                                       |
| hostId                               | cc04f8c74f20386ec3e2d01ab736fe0cfc5f98804bdb765ebb49d67a                                                                      |
| id                                   | 3d7e1110-505e-4b16-ba07-cc4966a025c4                                                                                          |
| image                                | Attempt to boot from volume - no image supplied                                                                               |
| key_name                             | -                                                                                                                             |
| metadata                             | {}                                                                                                                            |
| name                                 | dedicated                                                                                                                     |
| nics                                 | {"nic1": {"vif_model": "avp", "port_id": "14dbf4fc-6e9a-4106-90cf-feb13faf960c", "network": "tenant1-mgmt-net", "mtu": 1500}} |
|                                      | {"nic2": {"vif_model": "avp", "port_id": "870b8101-0f38-44b6-858b-d734a3ec6657", "network": "tenant1-net0", "mtu": 1500}}     |
| os-extended-volumes:volumes_attached | [{"id": "d02d2556-1339-4ea2-9394-1d17066be69d"}]                                                                              |
| progress                             | 0                                                                                                                             |
| server_group                         |                                                                                                                               |
| status                               | ACTIVE                                                                                                                        |
| tenant1-mgmt-net network             | 192.168.109.45                                                                                                                |
| tenant1-net0 network                 | 172.16.0.54                                                                                                                   |
| tenant_id                            | 8b727a94cb82487b890edc045ddbd845                                                                                              |
| topology                             | node:0,  2048MB, pgsize:2M, 1s,1c,2t, vcpus:0,1, pcpus:3,4, siblings:{0,1}                                                    |
| updated                              | 2015-03-10T15:45:22Z                                                                                                          |
| user_id                              | 5c6f05f6a58947888116660ef4bb5224                                                                                              |
| vcpus (min/cur/max)                  | [2, 2, 2]                                                                                                                     |
+--------------------------------------+-------------------------------------------------------------------------------------------------------------------------------+
Tue Mar 10 15:45:31 UTC 2015
[wrsroot@controller-0 ~(keystone_admin)]$ nova show 7a58c532-05b6-4a6e-a515-b02356e5530f
+--------------------------------------+-------------------------------------------------------------------------------------------------------------------------------+
| Property                             | Value                                                                                                                         |
+--------------------------------------+-------------------------------------------------------------------------------------------------------------------------------+
| OS-DCF:diskConfig                    | MANUAL                                                                                                                        |
| OS-EXT-AZ:availability_zone          | nova                                                                                                                          |
| OS-EXT-SRV-ATTR:host                 | compute-1                                                                                                                     |
| OS-EXT-SRV-ATTR:hypervisor_hostname  | compute-1                                                                                                                     |
| OS-EXT-SRV-ATTR:instance_name        | instance-0000002a                                                                                                             |
| OS-EXT-STS:power_state               | 1                                                                                                                             |
| OS-EXT-STS:task_state                | -                                                                                                                             |
| OS-EXT-STS:vm_state                  | active                                                                                                                        |
| OS-SRV-USG:launched_at               | 2015-03-10T15:45:20.000000                                                                                                    |
| OS-SRV-USG:terminated_at             | -                                                                                                                             |
| accessIPv4                           |                                                                                                                               |
| accessIPv6                           |                                                                                                                               |
| config_drive                         |                                                                                                                               |
| created                              | 2015-03-10T15:00:59Z                                                                                                          |
| flavor                               | shared.medium (e7edf100-23f9-4302-96d6-538c80fa9baf)                                                                          |
| hostId                               | cc04f8c74f20386ec3e2d01ab736fe0cfc5f98804bdb765ebb49d67a                                                                      |
| id                                   | 7a58c532-05b6-4a6e-a515-b02356e5530f                                                                                          |
| image                                | Attempt to boot from volume - no image supplied                                                                               |
| key_name                             | -                                                                                                                             |
| metadata                             | {}                                                                                                                            |
| name                                 | shared                                                                                                                        |
| nics                                 | {"nic1": {"vif_model": "avp", "port_id": "59714648-0de2-494d-939e-cec0f8f7d994", "network": "tenant1-mgmt-net", "mtu": 1500}} |
|                                      | {"nic2": {"vif_model": "avp", "port_id": "0c0f11e8-6b85-4dcf-9495-ec6ebc8d31d7", "network": "tenant1-net0", "mtu": 1500}}     |
| os-extended-volumes:volumes_attached | [{"id": "82e0b853-b9d9-44f5-85f8-1449fdaf4e28"}]                                                                              |
| progress                             | 0                                                                                                                             |
| server_group                         |                                                                                                                               |
| status                               | ACTIVE                                                                                                                        |
| tenant1-mgmt-net network             | 192.168.109.44                                                                                                                |
| tenant1-net0 network                 | 172.16.0.53                                                                                                                   |
| tenant_id                            | 8b727a94cb82487b890edc045ddbd845                                                                                              |
| topology                             | node:0,  2048MB, pgsize:2M, vcpus:0,1                                                                                         |
| updated                              | 2015-03-10T15:45:20Z                                                                                                          |
| user_id                              | 5c6f05f6a58947888116660ef4bb5224                                                                                              |
| vcpus (min/cur/max)                  | [2, 2, 2]                                                                                                                     |
+--------------------------------------+-------------------------------------------------------------------------------------------------------------------------------+

--- attempt live-migration

Tue Mar 10 15:45:33 UTC 2015
[wrsroot@controller-0 ~(keystone_admin)]$ nova live-migration 3d7e1110-505e-4b16-ba07-cc4966a025c4Tue Mar 10 16:28:25 UTC 2015
[wrsroot@controller-0 ~(keystone_admin)]$ nova live-migration 7a58c532-05b6-4a6e-a515-b02356e5530fTue Mar 10 16:28:33 UTC 2015
[wrsroot@controller-0 ~(keystone_admin)]$ nova show 3d7e1110-505e-4b16-ba07-cc4966a025c4
+--------------------------------------+-------------------------------------------------------------------------------------------------------------------------------+
| Property                             | Value                                                                                                                         |
+--------------------------------------+-------------------------------------------------------------------------------------------------------------------------------+
| OS-DCF:diskConfig                    | MANUAL                                                                                                                        |
| OS-EXT-AZ:availability_zone          | nova                                                                                                                          |
| OS-EXT-SRV-ATTR:host                 | compute-0                                                                                                                     |
| OS-EXT-SRV-ATTR:hypervisor_hostname  | compute-0                                                                                                                     |
| OS-EXT-SRV-ATTR:instance_name        | instance-0000002b                                                                                                             |
| OS-EXT-STS:power_state               | 1                                                                                                                             |
| OS-EXT-STS:task_state                | -                                                                                                                             |
| OS-EXT-STS:vm_state                  | active                                                                                                                        |
| OS-SRV-USG:launched_at               | 2015-03-10T15:45:22.000000                                                                                                    |
| OS-SRV-USG:terminated_at             | -                                                                                                                             |
| accessIPv4                           |                                                                                                                               |
| accessIPv6                           |                                                                                                                               |
| config_drive                         |                                                                                                                               |
| created                              | 2015-03-10T15:02:31Z                                                                                                          |
| flavor                               | dedicated.medium (7632b4a1-b98f-44f0-aa27-349124f3cb92)                                                                       |
| hostId                               | 9de7ad1632d1009fc6362bc62a7b77e9558cf097efaf5a6d2fb2ae62                                                                      |
| id                                   | 3d7e1110-505e-4b16-ba07-cc4966a025c4                                                                                          |
| image                                | Attempt to boot from volume - no image supplied                                                                               |
| key_name                             | -                                                                                                                             |
| metadata                             | {}                                                                                                                            |
| name                                 | dedicated                                                                                                                     |
| nics                                 | {"nic1": {"vif_model": "avp", "port_id": "14dbf4fc-6e9a-4106-90cf-feb13faf960c", "network": "tenant1-mgmt-net", "mtu": 1500}} |
|                                      | {"nic2": {"vif_model": "avp", "port_id": "870b8101-0f38-44b6-858b-d734a3ec6657", "network": "tenant1-net0", "mtu": 1500}}     |
| os-extended-volumes:volumes_attached | [{"id": "d02d2556-1339-4ea2-9394-1d17066be69d"}]                                                                              |
| progress                             | 0                                                                                                                             |
| server_group                         |                                                                                                                               |
| status                               | ACTIVE                                                                                                                        |
| tenant1-mgmt-net network             | 192.168.109.45                                                                                                                |
| tenant1-net0 network                 | 172.16.0.54                                                                                                                   |
| tenant_id                            | 8b727a94cb82487b890edc045ddbd845                                                                                              |
| topology                             | node:0,  2048MB, pgsize:2M, vcpus:0,1, pcpus:3,4                                                                              |
| updated                              | 2015-03-10T16:28:40Z                                                                                                          |
| user_id                              | 5c6f05f6a58947888116660ef4bb5224                                                                                              |
| vcpus (min/cur/max)                  | [2, 2, 2]                                                                                                                     |
+--------------------------------------+-------------------------------------------------------------------------------------------------------------------------------+
Tue Mar 10 16:29:52 UTC 2015
[wrsroot@controller-0 ~(keystone_admin)]$ nova show 7a58c532-05b6-4a6e-a515-b02356e5530f
+--------------------------------------+-------------------------------------------------------------------------------------------------------------------------------+
| Property                             | Value                                                                                                                         |
+--------------------------------------+-------------------------------------------------------------------------------------------------------------------------------+
| OS-DCF:diskConfig                    | MANUAL                                                                                                                        |
| OS-EXT-AZ:availability_zone          | nova                                                                                                                          |
| OS-EXT-SRV-ATTR:host                 | compute-0                                                                                                                     |
| OS-EXT-SRV-ATTR:hypervisor_hostname  | compute-0                                                                                                                     |
| OS-EXT-SRV-ATTR:instance_name        | instance-0000002a                                                                                                             |
| OS-EXT-STS:power_state               | 1                                                                                                                             |
| OS-EXT-STS:task_state                | -                                                                                                                             |
| OS-EXT-STS:vm_state                  | active                                                                                                                        |
| OS-SRV-USG:launched_at               | 2015-03-10T15:45:20.000000                                                                                                    |
| OS-SRV-USG:terminated_at             | -                                                                                                                             |
| accessIPv4                           |                                                                                                                               |
| accessIPv6                           |                                                                                                                               |
| config_drive                         |                                                                                                                               |
| created                              | 2015-03-10T15:00:59Z                                                                                                          |
| flavor                               | shared.medium (e7edf100-23f9-4302-96d6-538c80fa9baf)                                                                          |
| hostId                               | 9de7ad1632d1009fc6362bc62a7b77e9558cf097efaf5a6d2fb2ae62                                                                      |
| id                                   | 7a58c532-05b6-4a6e-a515-b02356e5530f                                                                                          |
| image                                | Attempt to boot from volume - no image supplied                                                                               |
| key_name                             | -                                                                                                                             |
| metadata                             | {}                                                                                                                            |
| name                                 | shared                                                                                                                        |
| nics                                 | {"nic1": {"vif_model": "avp", "port_id": "59714648-0de2-494d-939e-cec0f8f7d994", "network": "tenant1-mgmt-net", "mtu": 1500}} |
|                                      | {"nic2": {"vif_model": "avp", "port_id": "0c0f11e8-6b85-4dcf-9495-ec6ebc8d31d7", "network": "tenant1-net0", "mtu": 1500}}     |
| os-extended-volumes:volumes_attached | [{"id": "82e0b853-b9d9-44f5-85f8-1449fdaf4e28"}]                                                                              |
| progress                             | 0                                                                                                                             |
| server_group                         |                                                                                                                               |
| status                               | ACTIVE                                                                                                                        |
| tenant1-mgmt-net network             | 192.168.109.44                                                                                                                |
| tenant1-net0 network                 | 172.16.0.53                                                                                                                   |
| tenant_id                            | 8b727a94cb82487b890edc045ddbd845                                                                                              |
| topology                             | node:0,  2048MB, pgsize:2M, vcpus:0,1                                                                                         |
| updated                              | 2015-03-10T16:28:51Z                                                                                                          |
| user_id                              | 5c6f05f6a58947888116660ef4bb5224                                                                                              |
| vcpus (min/cur/max)                  | [2, 2, 2]                                                                                                                     |
+--------------------------------------+-------------------------------------------------------------------------------------------------------------------------------+

--- attempt cold-migration ---

Tue Mar 10 16:35:26 UTC 2015
[wrsroot@controller-0 ~(keystone_admin)]$ nova migrate 3d7e1110-505e-4b16-ba07-cc4966a025c4
Tue Mar 10 16:37:07 UTC 2015
[wrsroot@controller-0 ~(keystone_admin)]$ nova resize-confirm 3d7e1110-505e-4b16-ba07-cc4966a025c4
Tue Mar 10 16:37:43 UTC 2015
[wrsroot@controller-0 ~(keystone_admin)]$ nova migrate 7a58c532-05b6-4a6e-a515-b02356e5530f
Tue Mar 10 16:38:02 UTC 2015
[wrsroot@controller-0 ~(keystone_admin)]$ nova resize-confirm 7a58c532-05b6-4a6e-a515-b02356e5530f
Tue Mar 10 16:38:42 UTC 2015
[wrsroot@controller-0 ~(keystone_admin)]$ nova show 3d7e1110-505e-4b16-ba07-cc4966a025c4
+--------------------------------------+-------------------------------------------------------------------------------------------------------------------------------+
| Property                             | Value                                                                                                                         |
+--------------------------------------+-------------------------------------------------------------------------------------------------------------------------------+
| OS-DCF:diskConfig                    | MANUAL                                                                                                                        |
| OS-EXT-AZ:availability_zone          | nova                                                                                                                          |
| OS-EXT-SRV-ATTR:host                 | compute-1                                                                                                                     |
| OS-EXT-SRV-ATTR:hypervisor_hostname  | compute-1                                                                                                                     |
| OS-EXT-SRV-ATTR:instance_name        | instance-0000002b                                                                                                             |
| OS-EXT-STS:power_state               | 1                                                                                                                             |
| OS-EXT-STS:task_state                | -                                                                                                                             |
| OS-EXT-STS:vm_state                  | active                                                                                                                        |
| OS-SRV-USG:launched_at               | 2015-03-10T16:37:28.000000                                                                                                    |
| OS-SRV-USG:terminated_at             | -                                                                                                                             |
| accessIPv4                           |                                                                                                                               |
| accessIPv6                           |                                                                                                                               |
| config_drive                         |                                                                                                                               |
| created                              | 2015-03-10T15:02:31Z                                                                                                          |
| flavor                               | dedicated.medium (7632b4a1-b98f-44f0-aa27-349124f3cb92)                                                                       |
| hostId                               | cc04f8c74f20386ec3e2d01ab736fe0cfc5f98804bdb765ebb49d67a                                                                      |
| id                                   | 3d7e1110-505e-4b16-ba07-cc4966a025c4                                                                                          |
| image                                | Attempt to boot from volume - no image supplied                                                                               |
| key_name                             | -                                                                                                                             |
| metadata                             | {}                                                                                                                            |
| name                                 | dedicated                                                                                                                     |
| nics                                 | {"nic1": {"vif_model": "avp", "port_id": "14dbf4fc-6e9a-4106-90cf-feb13faf960c", "network": "tenant1-mgmt-net", "mtu": 1500}} |
|                                      | {"nic2": {"vif_model": "avp", "port_id": "870b8101-0f38-44b6-858b-d734a3ec6657", "network": "tenant1-net0", "mtu": 1500}}     |
| os-extended-volumes:volumes_attached | [{"id": "d02d2556-1339-4ea2-9394-1d17066be69d"}]                                                                              |
| progress                             | 0                                                                                                                             |
| server_group                         |                                                                                                                               |
| status                               | ACTIVE                                                                                                                        |
| tenant1-mgmt-net network             | 192.168.109.45                                                                                                                |
| tenant1-net0 network                 | 172.16.0.54                                                                                                                   |
| tenant_id                            | 8b727a94cb82487b890edc045ddbd845                                                                                              |
| topology                             | node:0,  2048MB, pgsize:2M, 1s,1c,2t, vcpus:0,1, pcpus:3,4, siblings:{0,1}                                                    |
| updated                              | 2015-03-10T16:37:45Z                                                                                                          |
| user_id                              | 5c6f05f6a58947888116660ef4bb5224                                                                                              |
| vcpus (min/cur/max)                  | [2, 2, 2]                                                                                                                     |
+--------------------------------------+-------------------------------------------------------------------------------------------------------------------------------+
Tue Mar 10 16:39:05 UTC 2015
[wrsroot@controller-0 ~(keystone_admin)]$ nova show 7a58c532-05b6-4a6e-a515-b02356e5530f
+--------------------------------------+-------------------------------------------------------------------------------------------------------------------------------+
| Property                             | Value                                                                                                                         |
+--------------------------------------+-------------------------------------------------------------------------------------------------------------------------------+
| OS-DCF:diskConfig                    | MANUAL                                                                                                                        |
| OS-EXT-AZ:availability_zone          | nova                                                                                                                          |
| OS-EXT-SRV-ATTR:host                 | compute-1                                                                                                                     |
| OS-EXT-SRV-ATTR:hypervisor_hostname  | compute-1                                                                                                                     |
| OS-EXT-SRV-ATTR:instance_name        | instance-0000002a                                                                                                             |
| OS-EXT-STS:power_state               | 1                                                                                                                             |
| OS-EXT-STS:task_state                | -                                                                                                                             |
| OS-EXT-STS:vm_state                  | active                                                                                                                        |
| OS-SRV-USG:launched_at               | 2015-03-10T16:38:28.000000                                                                                                    |
| OS-SRV-USG:terminated_at             | -                                                                                                                             |
| accessIPv4                           |                                                                                                                               |
| accessIPv6                           |                                                                                                                               |
| config_drive                         |                                                                                                                               |
| created                              | 2015-03-10T15:00:59Z                                                                                                          |
| flavor                               | shared.medium (e7edf100-23f9-4302-96d6-538c80fa9baf)                                                                          |
| hostId                               | cc04f8c74f20386ec3e2d01ab736fe0cfc5f98804bdb765ebb49d67a                                                                      |
| id                                   | 7a58c532-05b6-4a6e-a515-b02356e5530f                                                                                          |
| image                                | Attempt to boot from volume - no image supplied                                                                               |
| key_name                             | -                                                                                                                             |
| metadata                             | {}                                                                                                                            |
| name                                 | shared                                                                                                                        |
| nics                                 | {"nic1": {"vif_model": "avp", "port_id": "59714648-0de2-494d-939e-cec0f8f7d994", "network": "tenant1-mgmt-net", "mtu": 1500}} |
|                                      | {"nic2": {"vif_model": "avp", "port_id": "0c0f11e8-6b85-4dcf-9495-ec6ebc8d31d7", "network": "tenant1-net0", "mtu": 1500}}     |
| os-extended-volumes:volumes_attached | [{"id": "82e0b853-b9d9-44f5-85f8-1449fdaf4e28"}]                                                                              |
| progress                             | 0                                                                                                                             |
| server_group                         |                                                                                                                               |
| status                               | ACTIVE                                                                                                                        |
| tenant1-mgmt-net network             | 192.168.109.44                                                                                                                |
| tenant1-net0 network                 | 172.16.0.53                                                                                                                   |
| tenant_id                            | 8b727a94cb82487b890edc045ddbd845                                                                                              |
| topology                             | node:0,  2048MB, pgsize:2M, vcpus:0,1                                                                                         |
| updated                              | 2015-03-10T16:38:43Z                                                                                                          |
| user_id                              | 5c6f05f6a58947888116660ef4bb5224                                                                                              |
| vcpus (min/cur/max)                  | [2, 2, 2]                                                                                                                     |
+--------------------------------------+-------------------------------------------------------------------------------------------------------------------------------+

